// Jest Snapshot v1, https://goo.gl/fbAQLP

exports[`<ActionCell /> renders snapshot correctly 1`] = `<div />`;
