// Jest Snapshot v1, https://goo.gl/fbAQLP

exports[`<Menu /> renders snapshot correctly 1`] = `<div />`;
