// Jest Snapshot v1, https://goo.gl/fbAQLP

exports[`<AddAttachmentModal /> renders snapshot correctly 1`] = `
<div>
  <div
    aria-disabled="false"
    class="AddAttachmentModal-dropZone-2 DropzoneArea-dropZone-5"
    style="position: relative;"
  >
    <div
      class="DropzoneArea-dropzoneTextStyle-8"
    >
      <p
        class="DropzoneArea-dropzoneParagraph-10 AddAttachmentModal-dropZoneText-3"
      >
        Click or Drag and Drop your attachments
      </p>
      <svg
        aria-hidden="true"
        class="MuiSvgIcon-root DropzoneArea-uploadIconSize-9"
        focusable="false"
        role="presentation"
        viewBox="0 0 24 24"
      >
        <path
          d="M0 0h24v24H0z"
          fill="none"
        />
        <path
          d="M19.35 10.04C18.67 6.59 15.64 4 12 4 9.11 4 6.6 5.64 5.35 8.04 2.34 8.36 0 10.91 0 14c0 3.31 2.69 6 6 6h13c2.76 0 5-2.24 5-5 0-2.64-2.05-4.78-4.65-4.96zM14 13v4h-4v-4H7l5-5 5 5h-3z"
        />
      </svg>
    </div>
    <input
      accept="image/*,video/*,application/*"
      autocomplete="off"
      multiple=""
      style="position: absolute; top: 0px; right: 0px; bottom: 0px; left: 0px; opacity: 0.00001; pointer-events: none;"
      type="file"
    />
  </div>
  <div
    class="AddAttachmentModal-buttonWrapper-1"
  >
    <button
      class="MuiButtonBase-root MuiButton-root MuiButton-outlined"
      tabindex="0"
      type="button"
    >
      <span
        class="MuiButton-label"
      >
        Close
      </span>
      <span
        class="MuiTouchRipple-root"
      />
    </button>
     
    <button
      class="MuiButtonBase-root MuiButton-root MuiButton-contained MuiButton-containedPrimary Mui-disabled Mui-disabled"
      disabled=""
      tabindex="-1"
      type="button"
    >
      <span
        class="MuiButton-label"
      >
        Upload files
      </span>
    </button>
  </div>
</div>
`;
