// Jest Snapshot v1, https://goo.gl/fbAQLP

exports[`withAuth() passes props through 1`] = `
<div>
  <div>
    Some value
  </div>
</div>
`;

exports[`withAuth() shows loading screen when keycloak is not initialized 1`] = `
<div>
  <div
    class="MuiContainer-root Loader-wrapper-1 MuiContainer-disableGutters MuiContainer-maxWidthLg"
  >
    <div
      class="MuiCircularProgress-root WithStyles(ForwardRef(CircularProgress))-root-10 MuiCircularProgress-colorPrimary MuiCircularProgress-indeterminate"
      role="progressbar"
      style="width: 40px; height: 40px;"
    >
      <svg
        class="MuiCircularProgress-svg"
        viewBox="22 22 44 44"
      >
        <circle
          class="MuiCircularProgress-circle MuiCircularProgress-circleIndeterminate"
          cx="44"
          cy="44"
          fill="none"
          r="20.2"
          stroke-width="3.6"
        />
      </svg>
    </div>
  </div>
</div>
`;

exports[`withAuth() shows widget when keycloak is initialized and permissions are met 1`] = `
<div>
  <div>
    Some value
  </div>
</div>
`;
