// Jest Snapshot v1, https://goo.gl/fbAQLP

exports[`<JSONForm /> renders snapshot correctly 1`] = `
<div>
  messages.warnings.noData
</div>
`;
