// Jest Snapshot v1, https://goo.gl/fbAQLP

exports[`<TaskListSkeleton /> renders snapshot correctly 1`] = `
<div>
  <div>
    <div
      class="MuiSkeleton-root MuiSkeleton-rect MuiSkeleton-animate"
      style="width: 100%; height: 40px;"
    />
    <div
      class="MuiSkeleton-root MuiSkeleton-text TaskListSkeleton-tableRows-1 MuiSkeleton-animate"
      style="width: 98%; height: 10px;"
    />
    <div
      class="MuiSkeleton-root MuiSkeleton-text TaskListSkeleton-tableRows-1 MuiSkeleton-animate"
      style="width: 98%; height: 10px;"
    />
    <div
      class="MuiSkeleton-root MuiSkeleton-text TaskListSkeleton-tableRows-1 MuiSkeleton-animate"
      style="width: 98%; height: 10px;"
    />
    <div
      class="MuiSkeleton-root MuiSkeleton-text TaskListSkeleton-tableRows-1 MuiSkeleton-animate"
      style="width: 98%; height: 10px;"
    />
    <div
      class="MuiSkeleton-root MuiSkeleton-text TaskListSkeleton-tableRows-1 MuiSkeleton-animate"
      style="width: 98%; height: 10px;"
    />
    <div
      class="MuiSkeleton-root MuiSkeleton-text TaskListSkeleton-tableRows-1 MuiSkeleton-animate"
      style="width: 98%; height: 10px;"
    />
    <div
      class="MuiSkeleton-root MuiSkeleton-text TaskListSkeleton-tableRows-1 MuiSkeleton-animate"
      style="width: 98%; height: 10px;"
    />
    <div
      class="MuiSkeleton-root MuiSkeleton-text TaskListSkeleton-tableRows-1 MuiSkeleton-animate"
      style="width: 98%; height: 10px;"
    />
    <div
      class="MuiSkeleton-root MuiSkeleton-text TaskListSkeleton-tableRows-1 MuiSkeleton-animate"
      style="width: 98%; height: 10px;"
    />
    <div
      class="MuiSkeleton-root MuiSkeleton-text TaskListSkeleton-tableRows-1 MuiSkeleton-animate"
      style="width: 98%; height: 10px;"
    />
  </div>
  <div>
    <div
      class="MuiSkeleton-root MuiSkeleton-rect MuiSkeleton-animate"
      style="width: 100%; height: 50px;"
    />
  </div>
</div>
`;
