// Jest Snapshot v1, https://goo.gl/fbAQLP

exports[`<ProcessFormContainer /> renders snapshot correctly 1`] = `
<div>
  <div
    class="MuiContainer-root MuiContainer-disableGutters MuiContainer-maxWidthLg"
  >
    <div
      class="MuiPaper-root WidgetBox-widgetBox-31 MuiPaper-outlined"
    >
      <div
        class="MuiBox-root MuiBox-root-61"
      >
        <div>
          <form
            class="JSONForm-themedForm-64"
          >
            <div
              class=""
            >
              <div>
                <div>
                  <div
                    class="makeStyles-header-95 makeStyles-header-100"
                  >
                    
                    
                  </div>
                  <div
                    class="MuiGrid-root-102 makeStyles-gridContainer-96 MuiGrid-container-103 MuiGrid-spacing-xs-3-127"
                  >
                    <div
                      class="MuiGrid-root-102 makeStyles-gridItem-99 makeStyles-gridItem-101 MuiGrid-item-104 MuiGrid-grid-xs-12-148"
                    >
                      <div
                        class=""
                      >
                        <div>
                          <div>
                            <div
                              class="makeStyles-header-95 makeStyles-header-205"
                            >
                              evaluation-taskform.frm
                              <hr
                                class="MuiDivider-root-207 makeStyles-divider-97"
                              />
                              
                            </div>
                            <div
                              class="MuiGrid-root-102 makeStyles-gridContainer-96 MuiGrid-container-103 MuiGrid-spacing-xs-3-127"
                            >
                              <div
                                class="MuiGrid-root-102 makeStyles-gridItem-99 makeStyles-gridItem-206 MuiGrid-item-104 MuiGrid-grid-xs-12-148"
                              >
                                <div
                                  class=""
                                >
                                  <label
                                    class="makeStyles-label-91"
                                    for="root_d1e6dd47-b24c-4f93-ba25-337832926124_employee"
                                  >
                                    Employee
                                     *
                                  </label>
                                  <div>
                                    <div
                                      class="MuiFormControl-root-214 MuiFormControl-fullWidth-217"
                                    >
                                      <div
                                        class="MuiFormControl-root-214 MuiTextField-root-218"
                                      >
                                        <label
                                          class="MuiFormLabel-root-231 MuiInputLabel-root-219 MuiInputLabel-formControl-225 MuiInputLabel-animated-228 MuiInputLabel-shrink-227 MuiInputLabel-outlined-230 Mui-focused Mui-focused Mui-required Mui-required"
                                          data-shrink="true"
                                          for="root_d1e6dd47-b24c-4f93-ba25-337832926124_employee"
                                          id="root_d1e6dd47-b24c-4f93-ba25-337832926124_employee-label"
                                        >
                                          Employee
                                          <span
                                            class="MuiFormLabel-asterisk-238 MuiInputLabel-asterisk-224"
                                          >
                                             
                                            *
                                          </span>
                                        </label>
                                        <div
                                          class="MuiInputBase-root-254 MuiOutlinedInput-root-239 Mui-focused Mui-focused MuiInputBase-formControl-255"
                                        >
                                          <input
                                            aria-invalid="false"
                                            class="MuiInputBase-input-265 MuiOutlinedInput-input-249 MuiInputBase-inputHiddenLabel-271"
                                            id="root_d1e6dd47-b24c-4f93-ba25-337832926124_employee"
                                            required=""
                                            type="string"
                                            value=""
                                          />
                                          <fieldset
                                            aria-hidden="true"
                                            class="PrivateNotchedOutline-root-272 MuiOutlinedInput-notchedOutline-248"
                                          >
                                            <legend
                                              class="PrivateNotchedOutline-legendLabelled-274"
                                            >
                                              <span>
                                                Employee
                                                 *
                                              </span>
                                            </legend>
                                          </fieldset>
                                        </div>
                                      </div>
                                    </div>
                                  </div>
                                </div>
                              </div>
                              <div
                                class="MuiGrid-root-102 makeStyles-gridItem-99 makeStyles-gridItem-206 MuiGrid-item-104 MuiGrid-grid-xs-12-148"
                              >
                                <div
                                  class=""
                                >
                                  <label
                                    class="makeStyles-label-91"
                                    for="root_d1e6dd47-b24c-4f93-ba25-337832926124_reason"
                                  >
                                    Reason
                                     *
                                  </label>
                                  <div>
                                    <div
                                      class="MuiFormControl-root-214 MuiFormControl-fullWidth-217"
                                    >
                                      <div
                                        class="MuiFormControl-root-214 MuiTextField-root-218"
                                      >
                                        <label
                                          class="MuiFormLabel-root-231 MuiInputLabel-root-219 MuiInputLabel-formControl-225 MuiInputLabel-animated-228 MuiInputLabel-shrink-227 MuiInputLabel-outlined-230 Mui-required Mui-required"
                                          data-shrink="true"
                                          for="root_d1e6dd47-b24c-4f93-ba25-337832926124_reason"
                                          id="root_d1e6dd47-b24c-4f93-ba25-337832926124_reason-label"
                                        >
                                          Reason
                                          <span
                                            class="MuiFormLabel-asterisk-238 MuiInputLabel-asterisk-224"
                                          >
                                             
                                            *
                                          </span>
                                        </label>
                                        <div
                                          class="MuiInputBase-root-254 MuiOutlinedInput-root-239 MuiInputBase-formControl-255 MuiInputBase-multiline-262 MuiOutlinedInput-multiline-247"
                                        >
                                          <textarea
                                            aria-invalid="false"
                                            class="MuiInputBase-input-265 MuiOutlinedInput-input-249 MuiInputBase-inputMultiline-267 MuiOutlinedInput-inputMultiline-251 MuiInputBase-inputHiddenLabel-271"
                                            id="root_d1e6dd47-b24c-4f93-ba25-337832926124_reason"
                                            placeholder=""
                                            required=""
                                            rows="5"
                                          />
                                          <fieldset
                                            aria-hidden="true"
                                            class="PrivateNotchedOutline-root-272 MuiOutlinedInput-notchedOutline-248"
                                          >
                                            <legend
                                              class="PrivateNotchedOutline-legendLabelled-274"
                                            >
                                              <span>
                                                Reason
                                                 *
                                              </span>
                                            </legend>
                                          </fieldset>
                                        </div>
                                      </div>
                                    </div>
                                  </div>
                                </div>
                              </div>
                              <div
                                class="MuiGrid-root-102 makeStyles-gridItem-99 makeStyles-gridItem-206 MuiGrid-item-104 MuiGrid-grid-xs-12-148"
                              >
                                <div
                                  class=""
                                >
                                  <label
                                    class="makeStyles-label-91"
                                    for="root_d1e6dd47-b24c-4f93-ba25-337832926124_list"
                                  >
                                    List
                                     *
                                  </label>
                                  <div>
                                    <div
                                      class="MuiFormControl-root-214 MuiFormControl-fullWidth-217"
                                    >
                                      <div
                                        class="MuiFormControl-root-214 MuiTextField-root-218"
                                      >
                                        <label
                                          class="MuiFormLabel-root-231 MuiInputLabel-root-219 MuiInputLabel-formControl-225 MuiInputLabel-animated-228 MuiInputLabel-shrink-227 MuiInputLabel-outlined-230 Mui-required Mui-required"
                                          data-shrink="true"
                                          for="root_d1e6dd47-b24c-4f93-ba25-337832926124_list"
                                          id="root_d1e6dd47-b24c-4f93-ba25-337832926124_list-label"
                                        >
                                          List
                                          <span
                                            class="MuiFormLabel-asterisk-238 MuiInputLabel-asterisk-224"
                                          >
                                             
                                            *
                                          </span>
                                        </label>
                                        <div
                                          class="MuiInputBase-root-254 MuiOutlinedInput-root-239 MuiInputBase-formControl-255"
                                        >
                                          <input
                                            aria-invalid="false"
                                            class="MuiInputBase-input-265 MuiOutlinedInput-input-249 MuiInputBase-inputHiddenLabel-271"
                                            id="root_d1e6dd47-b24c-4f93-ba25-337832926124_list"
                                            required=""
                                            type="string"
                                            value=""
                                          />
                                          <fieldset
                                            aria-hidden="true"
                                            class="PrivateNotchedOutline-root-272 MuiOutlinedInput-notchedOutline-248"
                                          >
                                            <legend
                                              class="PrivateNotchedOutline-legendLabelled-274"
                                            >
                                              <span>
                                                List
                                                 *
                                              </span>
                                            </legend>
                                          </fieldset>
                                        </div>
                                      </div>
                                    </div>
                                  </div>
                                </div>
                              </div>
                              <div
                                class="MuiGrid-root-102 makeStyles-gridItem-99 makeStyles-gridItem-206 MuiGrid-item-104 MuiGrid-grid-xs-12-148"
                              >
                                <div
                                  class=""
                                >
                                  <div>
                                    <div
                                      class="MuiFormControl-root-214 MuiFormControl-fullWidth-217"
                                    >
                                      <label
                                        class="MuiFormControlLabel-root-276"
                                      >
                                        <span
                                          aria-disabled="false"
                                          class="MuiButtonBase-root-301 MuiIconButton-root-292 PrivateSwitchBase-root-288 MuiCheckbox-root-282 MuiCheckbox-colorPrimary-286 MuiIconButton-colorPrimary-296"
                                        >
                                          <span
                                            class="MuiIconButton-label-300"
                                          >
                                            <input
                                              class="PrivateSwitchBase-input-291"
                                              data-indeterminate="false"
                                              id="root_d1e6dd47-b24c-4f93-ba25-337832926124_checkBox"
                                              type="checkbox"
                                              value=""
                                            />
                                            <svg
                                              aria-hidden="true"
                                              class="MuiSvgIcon-root-304"
                                              focusable="false"
                                              role="presentation"
                                              viewBox="0 0 24 24"
                                            >
                                              <path
                                                d="M19 5v14H5V5h14m0-2H5c-1.1 0-2 .9-2 2v14c0 1.1.9 2 2 2h14c1.1 0 2-.9 2-2V5c0-1.1-.9-2-2-2z"
                                              />
                                            </svg>
                                          </span>
                                          <span
                                            class="MuiTouchRipple-root-372"
                                          />
                                        </span>
                                        <span
                                          class="MuiTypography-root-313 MuiFormControlLabel-label-281 MuiTypography-body1-315"
                                        >
                                          Agree
                                        </span>
                                      </label>
                                    </div>
                                  </div>
                                </div>
                              </div>
                            </div>
                          </div>
                        </div>
                      </div>
                    </div>
                  </div>
                </div>
              </div>
            </div>
            <div
              class="JSONForm-actionButtons-62"
            >
              <button
                class="MuiButtonBase-root-301 MuiButton-root-343 MuiButton-contained-351 MuiButton-containedPrimary-352"
                tabindex="0"
                type="submit"
              >
                <span
                  class="MuiButton-label-344"
                >
                  common.submit
                </span>
                <span
                  class="MuiTouchRipple-root-372"
                />
              </button>
            </div>
          </form>
        </div>
      </div>
    </div>
  </div>
  
</div>
`;

exports[`<ProcessFormContainer /> renders snapshot correctly on error state 1`] = `
<div>
  <div
    class="MuiContainer-root MuiContainer-disableGutters MuiContainer-maxWidthLg"
  >
    <div
      class="MuiPaper-root WidgetBox-widgetBox-412 MuiPaper-outlined"
    >
      <div
        class="MuiBox-root MuiBox-root-442"
      >
        messages.warnings.noFormSchema
      </div>
    </div>
  </div>
  <div
    class="MuiSnackbar-root MuiSnackbar-anchorOriginBottomCenter"
  >
    <div
      class="MuiPaper-root MuiSnackbarContent-root Notification-error-449 MuiPaper-elevation6"
      direction="up"
      role="alert"
      style="opacity: 1; transform: scale(1, 1); transition: opacity 225ms cubic-bezier(0.4, 0, 0.2, 1) 0ms,transform 150ms cubic-bezier(0.4, 0, 0.2, 1) 0ms;"
    >
      <div
        class="MuiSnackbarContent-message"
      >
        <span
          class="Notification-message-446"
        >
          <svg
            aria-hidden="true"
            class="MuiSvgIcon-root Notification-icon-447 Notification-iconVariant-448"
            focusable="false"
            role="presentation"
            viewBox="0 0 24 24"
          >
            <path
              d="M12 2C6.48 2 2 6.48 2 12s4.48 10 10 10 10-4.48 10-10S17.52 2 12 2zm1 15h-2v-2h2v2zm0-4h-2V7h2v6z"
            />
          </svg>
          invalid json response body at undefined reason: Unexpected end of JSON input
        </span>
      </div>
      <div
        class="MuiSnackbarContent-action"
      >
        <button
          aria-label="close"
          class="MuiButtonBase-root MuiIconButton-root MuiIconButton-colorInherit"
          tabindex="0"
          type="button"
        >
          <span
            class="MuiIconButton-label"
          >
            <svg
              aria-hidden="true"
              class="MuiSvgIcon-root Notification-icon-447"
              focusable="false"
              role="presentation"
              viewBox="0 0 24 24"
            >
              <path
                d="M19 6.41L17.59 5 12 10.59 6.41 5 5 6.41 10.59 12 5 17.59 6.41 19 12 13.41 17.59 19 19 17.59 13.41 12z"
              />
            </svg>
          </span>
          <span
            class="MuiTouchRipple-root"
          />
        </button>
      </div>
    </div>
  </div>
</div>
`;
