// Jest Snapshot v1, https://goo.gl/fbAQLP

exports[`<TaskCompletionFormContainer /> renders snapshot correctly 1`] = `
<div>
  <div
    class="MuiContainer-root MuiContainer-disableGutters MuiContainer-maxWidthLg"
  >
    <div
      class="MuiPaper-root WidgetBox-widgetBox-9 MuiPaper-outlined"
    >
      <div
        class="MuiBox-root MuiBox-root-39"
      >
        <div>
          <form
            class="JSONForm-themedForm-42"
          >
            <div
              class="makeStyles-container-63"
            >
              <div>
                <div>
                  
                  <hr
                    class="MuiDivider-root-73 makeStyles-divider-69"
                  />
                  
                  <div
                    class="MuiGrid-root-80 makeStyles-gridContainer-68 MuiGrid-container-81 MuiGrid-spacing-xs-3-105"
                  >
                    <div
                      class="MuiGrid-root-80 makeStyles-gridItem-71 makeStyles-gridItem-72 MuiGrid-item-82 MuiGrid-grid-xs-12-126"
                    >
                      <div
                        class="makeStyles-container-63"
                      >
                        <div>
                          <div>
                            PerformanceEvaluation-taskform.frm
                            <hr
                              class="MuiDivider-root-73 makeStyles-divider-69"
                            />
                            
                            <div
                              class="MuiGrid-root-80 makeStyles-gridContainer-68 MuiGrid-container-81 MuiGrid-spacing-xs-3-105"
                            >
                              <div
                                class="MuiGrid-root-80 makeStyles-gridItem-71 makeStyles-gridItem-183 MuiGrid-item-82 MuiGrid-grid-xs-12-126"
                              >
                                <div
                                  class="makeStyles-container-63"
                                >
                                  <label
                                    class="makeStyles-label-64"
                                    for="root_47078d21-7da5-4d3f-8355-0fcd78b09f39_reason"
                                  >
                                    Reason
                                  </label>
                                  <div>
                                    <div
                                      class="MuiFormControl-root-184 MuiFormControl-fullWidth-187"
                                    >
                                      <div
                                        class="MuiFormControl-root-184 MuiTextField-root-188"
                                      >
                                        <label
                                          class="MuiFormLabel-root-201 MuiInputLabel-root-189 MuiInputLabel-formControl-195 MuiInputLabel-animated-198 MuiInputLabel-shrink-197 MuiInputLabel-outlined-200 MuiFormLabel-filled-206"
                                          data-shrink="true"
                                          for="root_47078d21-7da5-4d3f-8355-0fcd78b09f39_reason"
                                          id="root_47078d21-7da5-4d3f-8355-0fcd78b09f39_reason-label"
                                        >
                                          Reason
                                        </label>
                                        <div
                                          class="MuiInputBase-root-224 MuiOutlinedInput-root-209 MuiInputBase-formControl-225"
                                        >
                                          <input
                                            aria-invalid="false"
                                            class="MuiInputBase-input-235 MuiOutlinedInput-input-219 MuiInputBase-inputHiddenLabel-241"
                                            id="root_47078d21-7da5-4d3f-8355-0fcd78b09f39_reason"
                                            type="string"
                                            value="Showed great results!"
                                          />
                                          <fieldset
                                            aria-hidden="true"
                                            class="PrivateNotchedOutline-root-242 MuiOutlinedInput-notchedOutline-218"
                                          >
                                            <legend
                                              class="PrivateNotchedOutline-legendLabelled-244"
                                            >
                                              <span>
                                                Reason
                                              </span>
                                            </legend>
                                          </fieldset>
                                        </div>
                                      </div>
                                    </div>
                                  </div>
                                </div>
                              </div>
                              <div
                                class="MuiGrid-root-80 makeStyles-gridItem-71 makeStyles-gridItem-183 MuiGrid-item-82 MuiGrid-grid-xs-12-126"
                              >
                                <div
                                  class="makeStyles-container-63"
                                >
                                  <label
                                    class="makeStyles-label-64"
                                    for="root_47078d21-7da5-4d3f-8355-0fcd78b09f39_performance"
                                  >
                                    Performance
                                     *
                                  </label>
                                  <div>
                                    <div
                                      class="MuiFormControl-root-184 MuiFormControl-fullWidth-187"
                                    >
                                      <div
                                        class="MuiFormControl-root-184 MuiTextField-root-188"
                                      >
                                        <label
                                          class="MuiFormLabel-root-201 MuiInputLabel-root-189 MuiInputLabel-formControl-195 MuiInputLabel-animated-198 MuiInputLabel-shrink-197 MuiInputLabel-outlined-200 MuiFormLabel-filled-206 Mui-required Mui-required"
                                          data-shrink="true"
                                          for="root_47078d21-7da5-4d3f-8355-0fcd78b09f39_performance"
                                          id="root_47078d21-7da5-4d3f-8355-0fcd78b09f39_performance-label"
                                        >
                                          Performance
                                          <span
                                            class="MuiFormLabel-asterisk-208 MuiInputLabel-asterisk-194"
                                          >
                                             
                                            *
                                          </span>
                                        </label>
                                        <div
                                          class="MuiInputBase-root-224 MuiOutlinedInput-root-209 MuiInputBase-formControl-225"
                                        >
                                          <input
                                            aria-invalid="false"
                                            class="MuiInputBase-input-235 MuiOutlinedInput-input-219 MuiInputBase-inputHiddenLabel-241"
                                            id="root_47078d21-7da5-4d3f-8355-0fcd78b09f39_performance"
                                            required=""
                                            type="integer"
                                            value="100"
                                          />
                                          <fieldset
                                            aria-hidden="true"
                                            class="PrivateNotchedOutline-root-242 MuiOutlinedInput-notchedOutline-218"
                                          >
                                            <legend
                                              class="PrivateNotchedOutline-legendLabelled-244"
                                            >
                                              <span>
                                                Performance
                                                 *
                                              </span>
                                            </legend>
                                          </fieldset>
                                        </div>
                                      </div>
                                    </div>
                                  </div>
                                </div>
                              </div>
                            </div>
                          </div>
                        </div>
                      </div>
                    </div>
                  </div>
                </div>
              </div>
            </div>
            <div
              class="JSONForm-actionButtons-40"
            >
              <button
                class="MuiButtonBase-root-275 MuiButton-root-246 MuiButton-contained-254 MuiButton-containedPrimary-255"
                tabindex="0"
                type="submit"
              >
                <span
                  class="MuiButton-label-247"
                >
                  common.submit
                </span>
                <span
                  class="MuiTouchRipple-root-278"
                />
              </button>
            </div>
          </form>
        </div>
      </div>
    </div>
  </div>
</div>
`;

exports[`<TaskCompletionFormContainer /> renders snapshot correctly on error state 1`] = `
<div>
  <div
    class="MuiContainer-root MuiContainer-disableGutters MuiContainer-maxWidthLg"
  >
    <div
      class="MuiPaper-root WidgetBox-widgetBox-296 MuiPaper-outlined"
    >
      <div
        class="MuiBox-root MuiBox-root-326"
      >
        messages.warnings.noFormSchema
      </div>
    </div>
  </div>
</div>
`;
